// Jest Snapshot v1, https://goo.gl/fbAQLP

exports[`App snapshot renders the home screen 1`] = `
<View
  style={
    Object {
      "backgroundColor": "#fff",
      "flex": 1,
      "margin": 0,
      "padding": 0,
    }
  }
>
  <View
    style={
      Object {
        "alignItems": "center",
        "backgroundColor": "#8e3051",
        "bottom": 0,
        "left": 0,
        "paddingVertical": 10,
        "position": "absolute",
        "right": 0,
        "shadowColor": "black",
        "shadowOffset": Object {
          "height": -3,
        },
        "shadowOpacity": 0.1,
        "shadowRadius": 3,
      }
    }
  >
    <Text
      style={
        Object {
          "color": "white",
          "fontSize": 12,
          "textAlign": "center",
        }
      }
    >
      Pro Tip #1: Recycling is good for you and the planet!
    </Text>
  </View>
</View>
`;

exports[`App snapshot renders the loading screen 1`] = `null`;

exports[`App snapshot renders the map screen 1`] = `
<View>
  <View>
    <View
      style={
        Array [
          Object {},
          undefined,
        ]
      }
    >
      <Text
        style={
          Array [
            Object {},
            undefined,
            undefined,
            undefined,
            undefined,
            undefined,
            undefined,
            undefined,
            undefined,
            undefined,
            Array [
              Object {
                "color": "#86939e",
                "fontSize": 15,
                "fontWeight": "bold",
                "marginBottom": 1,
                "marginLeft": 20,
                "marginRight": 20,
                "marginTop": 15,
              },
              undefined,
              undefined,
            ],
          ]
        }
      >
        User Name
      </Text>
    </View>
    <View
      style={
        Object {
          "borderBottomColor": "#bdc6cf",
          "borderBottomWidth": 1,
          "marginLeft": 20,
          "marginRight": 20,
          "transform": Array [
            Object {
              "translateX": 0,
            },
          ],
        }
      }
    >
      <TextInput
        allowFontScaling={true}
        onChangeText={[Function]}
        style={
          Array [
            Object {
              "color": "#86939e",
              "minHeight": 36,
              "width": 750,
            },
            Object {
              "fontSize": 17.5,
            },
            undefined,
          ]
        }
        underlineColorAndroid="transparent"
      />
    </View>
    <View
      style={
        Array [
          Object {},
          undefined,
        ]
      }
    >
      <Text
        style={
          Array [
            Object {},
            undefined,
            undefined,
            undefined,
            undefined,
            undefined,
            undefined,
            undefined,
            undefined,
            undefined,
            Array [
              Object {
                "color": "#86939e",
                "fontSize": 15,
                "fontWeight": "bold",
                "marginBottom": 1,
                "marginLeft": 20,
                "marginRight": 20,
                "marginTop": 15,
              },
              undefined,
              undefined,
            ],
          ]
        }
      >
        Email
      </Text>
    </View>
    <View
      style={
        Object {
          "borderBottomColor": "#bdc6cf",
          "borderBottomWidth": 1,
          "marginLeft": 20,
          "marginRight": 20,
          "transform": Array [
            Object {
              "translateX": 0,
            },
          ],
        }
      }
    >
      <TextInput
        allowFontScaling={true}
        onChangeText={[Function]}
        style={
          Array [
            Object {
              "color": "#86939e",
              "minHeight": 36,
              "width": 750,
            },
            Object {
              "fontSize": 17.5,
            },
            undefined,
          ]
        }
        underlineColorAndroid="transparent"
      />
    </View>
    <View
      style={
        Array [
          Object {},
          undefined,
        ]
      }
    >
      <Text
        style={
          Array [
            Object {},
            undefined,
            undefined,
            undefined,
            undefined,
            undefined,
            undefined,
            undefined,
            undefined,
            undefined,
            Array [
              Object {
                "color": "#86939e",
                "fontSize": 15,
                "fontWeight": "bold",
                "marginBottom": 1,
                "marginLeft": 20,
                "marginRight": 20,
                "marginTop": 15,
              },
              undefined,
              undefined,
            ],
          ]
        }
      >
        Password
      </Text>
    </View>
    <View
      style={
        Object {
          "borderBottomColor": "#bdc6cf",
          "borderBottomWidth": 1,
          "marginLeft": 20,
          "marginRight": 20,
          "transform": Array [
            Object {
              "translateX": 0,
            },
          ],
        }
      }
    >
      <TextInput
        allowFontScaling={true}
        onChangeText={[Function]}
        secureTextEntry={true}
        style={
          Array [
            Object {
              "color": "#86939e",
              "minHeight": 36,
              "width": 750,
            },
            Object {
              "fontSize": 17.5,
            },
            undefined,
          ]
        }
        underlineColorAndroid="transparent"
      />
    </View>
    <View
      style={
        Array [
          Object {},
          undefined,
        ]
      }
    >
      <Text
        style={
          Array [
            Object {},
            undefined,
            undefined,
            undefined,
            undefined,
            undefined,
            undefined,
            undefined,
            undefined,
            undefined,
            Array [
              Object {
                "color": "#86939e",
                "fontSize": 15,
                "fontWeight": "bold",
                "marginBottom": 1,
                "marginLeft": 20,
                "marginRight": 20,
                "marginTop": 15,
              },
              undefined,
              undefined,
            ],
          ]
        }
      />
    </View>
    <View
      style={
        Array [
          Object {
            "marginLeft": 15,
            "marginRight": 15,
          },
          Object {
            "shadowColor": "rgba(0,0,0, .4)",
            "shadowOffset": Object {
              "height": 1,
              "width": 1,
            },
            "shadowOpacity": 1,
            "shadowRadius": 1,
          },
          undefined,
          undefined,
        ]
      }
    >
      <View
        accessible={true}
        isTVSelectable={true}
        onResponderGrant={[Function]}
        onResponderMove={[Function]}
        onResponderRelease={[Function]}
        onResponderTerminate={[Function]}
        onResponderTerminationRequest={[Function]}
        onStartShouldSetResponder={[Function]}
        style={null}
      >
        <View
          pointerEvents="box-only"
          style={
            Array [
              Object {
                "alignItems": "center",
                "backgroundColor": "#9E9E9E",
                "flexDirection": "row",
                "justifyContent": "center",
                "padding": 19,
              },
              undefined,
              undefined,
              undefined,
              undefined,
              undefined,
              Object {
                "backgroundColor": "#3E9428",
              },
              undefined,
              Object {
                "padding": 12,
              },
              undefined,
              undefined,
              undefined,
              undefined,
              undefined,
              undefined,
            ]
          }
        >
          <Text
            style={
              Array [
                Object {},
                undefined,
                undefined,
                undefined,
                undefined,
                undefined,
                undefined,
                undefined,
                undefined,
                undefined,
                Array [
                  Object {
                    "color": "white",
                    "fontSize": 20,
                  },
                  undefined,
                  Object {
                    "fontSize": 17.5,
                  },
                  undefined,
                  undefined,
                  undefined,
                  undefined,
                  undefined,
                ],
              ]
            }
          >
            Sign Up
          </Text>
        </View>
      </View>
    </View>
    <View
      style={
        Array [
          Object {
            "marginLeft": 15,
            "marginRight": 15,
          },
          Object {
            "shadowColor": "rgba(0,0,0, .4)",
            "shadowOffset": Object {
              "height": 1,
              "width": 1,
            },
            "shadowOpacity": 1,
            "shadowRadius": 1,
          },
          undefined,
          undefined,
        ]
      }
    >
      <View
        accessible={true}
        isTVSelectable={true}
        onResponderGrant={[Function]}
        onResponderMove={[Function]}
        onResponderRelease={[Function]}
        onResponderTerminate={[Function]}
        onResponderTerminationRequest={[Function]}
        onStartShouldSetResponder={[Function]}
        style={
          Object {
            "marginTop": 10,
          }
        }
      >
        <View
          pointerEvents="box-only"
          style={
            Array [
              Object {
                "alignItems": "center",
                "backgroundColor": "#9E9E9E",
                "flexDirection": "row",
                "justifyContent": "center",
                "padding": 19,
              },
              undefined,
              undefined,
              undefined,
              undefined,
              undefined,
              Object {
                "backgroundColor": "#3E9428",
              },
              undefined,
              Object {
                "padding": 12,
              },
              undefined,
              undefined,
              undefined,
              undefined,
              undefined,
              undefined,
            ]
          }
        >
          <Text
            style={
              Array [
                Object {},
                undefined,
                undefined,
                undefined,
                undefined,
                undefined,
                undefined,
                undefined,
                undefined,
                undefined,
                Array [
                  Object {
                    "color": "white",
                    "fontSize": 20,
                  },
                  undefined,
                  Object {
                    "fontSize": 17.5,
                  },
                  undefined,
                  undefined,
                  undefined,
                  undefined,
                  undefined,
                ],
              ]
            }
          >
            Log In
          </Text>
        </View>
      </View>
    </View>
  </View>
</View>
`;

exports[`App snapshot renders the root without loading screen 1`] = `
<View
  style={
    Object {
      "backgroundColor": "#fff",
      "flex": 1,
    }
  }
>
  <View
    style={
      Object {
        "flex": 1,
        "overflow": "hidden",
      }
    }
  >
    <View
      style={
        Object {
          "flex": 1,
        }
      }
    >
      <View
        collapsable={false}
        pointerEvents="auto"
        removeClippedSubviews={false}
        style={
          Array [
            Object {
              "flex": 1,
              "overflow": "hidden",
            },
            Array [
              Object {
                "bottom": 0,
                "left": 0,
                "position": "absolute",
                "right": 0,
                "top": 0,
              },
              Object {
                "opacity": 1,
              },
            ],
          ]
        }
      >
        <View
          style={
            Object {
              "flex": 1,
            }
          }
        >
          <View
            onLayout={[Function]}
            style={
              Object {
                "flex": 1,
              }
            }
          >
            <View
              onMoveShouldSetResponder={[Function]}
              onMoveShouldSetResponderCapture={[Function]}
              onResponderEnd={[Function]}
              onResponderGrant={[Function]}
              onResponderMove={[Function]}
              onResponderReject={[Function]}
              onResponderRelease={[Function]}
              onResponderStart={[Function]}
              onResponderTerminate={[Function]}
              onResponderTerminationRequest={[Function]}
              onStartShouldSetResponder={[Function]}
              onStartShouldSetResponderCapture={[Function]}
              style={
                Array [
                  Object {
                    "flex": 1,
                    "flexDirection": "column-reverse",
                    "overflow": "hidden",
                  },
                  Object {
                    "backgroundColor": "#000",
                  },
                ]
              }
            >
              <View
                style={
                  Object {
                    "flex": 1,
                  }
                }
              >
                <View
                  accessibilityElementsHidden={false}
                  pointerEvents="auto"
                  style={
                    Object {
                      "backgroundColor": "#E9E9EF",
                      "bottom": 0,
                      "left": 0,
                      "opacity": 1,
                      "paddingTop": 64,
                      "position": "absolute",
                      "right": 0,
                      "shadowColor": "black",
                      "shadowOffset": Object {
                        "height": 0,
                        "width": 0,
                      },
                      "shadowOpacity": 0.2,
                      "shadowRadius": 5,
                      "top": 0,
                      "transform": Array [
                        Object {
                          "translateX": 0,
                        },
                        Object {
                          "translateY": 0,
                        },
                      ],
                    }
                  }
                >
                  <View
                    style={
                      Object {
                        "backgroundColor": "#fff",
                        "flex": 1,
                        "margin": 0,
                        "padding": 0,
                      }
                    }
                  >
                    <View
                      style={
                        Object {
                          "alignItems": "center",
                          "backgroundColor": "#8e3051",
                          "bottom": 0,
                          "left": 0,
                          "paddingVertical": 10,
                          "position": "absolute",
                          "right": 0,
                          "shadowColor": "black",
                          "shadowOffset": Object {
                            "height": -3,
                          },
                          "shadowOpacity": 0.1,
                          "shadowRadius": 3,
                        }
                      }
                    >
                      <Text
                        style={
                          Object {
                            "color": "white",
                            "fontSize": 12,
                            "textAlign": "center",
                          }
                        }
                      >
                        Pro Tip #1: Recycling is good for you and the planet!
                      </Text>
                    </View>
                  </View>
                </View>
              </View>
              <View
                onLayout={[Function]}
                pointerEvents="box-none"
                style={
                  Object {
                    "left": 0,
                    "position": "absolute",
                    "right": 0,
                    "top": 0,
                  }
                }
              >
                <View
                  style={
                    Object {
                      "backgroundColor": "#518e30",
                      "transform": Array [
                        Object {
                          "translateX": 0,
                        },
                      ],
                    }
                  }
                >
                  <View
                    onLayout={[Function]}
                    pointerEvents="box-none"
                    style={
                      Object {
                        "backgroundColor": "#518e30",
                        "borderBottomColor": "#A7A7AA",
                        "borderBottomWidth": 0.5,
                        "height": 64,
                        "marginBottom": 0,
                        "paddingBottom": 0,
                        "paddingLeft": 0,
                        "paddingRight": 0,
                        "paddingTop": 20,
                      }
                    }
                  >
                    <View
                      style={
                        Object {
                          "flex": 1,
                        }
                      }
                    >
                      <View
                        style={
                          Object {
                            "bottom": 0,
                            "flexDirection": "row",
                            "left": 0,
                            "position": "absolute",
                            "right": 0,
                            "top": 0,
                          }
                        }
                      >
                        <View
                          pointerEvents="box-none"
                          style={
                            Object {
                              "alignItems": "center",
                              "backgroundColor": "transparent",
                              "bottom": 0,
                              "flexDirection": "row",
                              "justifyContent": "center",
                              "left": 0,
                              "opacity": 1,
                              "position": "absolute",
                              "right": 0,
                              "top": 0,
                            }
                          }
                        >
                          <Text
                            accessibilityTraits="header"
                            accessible={false}
                            allowFontScaling={true}
                            numberOfLines={1}
                            onLayout={[Function]}
                            style={
                              Object {
                                "color": "white",
                                "fontSize": 35,
                                "fontWeight": "600",
                                "marginHorizontal": 16,
                                "textAlign": "center",
                              }
                            }
                          >
                            Recycle It!
                          </Text>
                        </View>
                      </View>
                    </View>
                  </View>
                </View>
              </View>
            </View>
          </View>
        </View>
      </View>
    </View>
    <View
      onLayout={[Function]}
      pointerEvents="box-none"
      style={
        Object {
          "backgroundColor": "#fff",
          "borderTopColor": "rgba(0, 0, 0, .3)",
          "borderTopWidth": 0.5,
          "flexDirection": "row",
          "height": 49,
          "paddingBottom": 0,
          "paddingLeft": 0,
          "paddingRight": 0,
          "paddingTop": 0,
        }
      }
    >
      <View
        accessibilityLabel="Home"
        accessible={true}
        onResponderGrant={[Function]}
        onResponderMove={[Function]}
        onResponderRelease={[Function]}
        onResponderTerminate={[Function]}
        onResponderTerminationRequest={[Function]}
        onStartShouldSetResponder={[Function]}
        style={
          Array [
            Object {
              "alignItems": "center",
              "flex": 1,
            },
            Object {
              "backgroundColor": "transparent",
            },
            Object {
              "flexDirection": "column",
              "justifyContent": "flex-end",
            },
            undefined,
          ]
        }
      >
        <View
          style={
            Array [
              Object {
                "height": 29,
              },
              false,
              Object {
                "flex": 1,
              },
            ]
          }
        >
          <View
            style={
              Object {
                "alignItems": "center",
                "alignSelf": "center",
                "height": "100%",
                "justifyContent": "center",
                "minWidth": 25,
                "opacity": 1,
                "position": "absolute",
                "width": "100%",
              }
            }
          >
            <Text
              allowFontScaling={false}
              style={
                Array [
                  Object {
                    "color": "#2f95dc",
                    "fontSize": 26,
                  },
                  Object {
                    "marginBottom": -3,
                  },
                  Object {
                    "fontFamily": "ionicons",
                    "fontStyle": "normal",
                    "fontWeight": "normal",
                  },
                  Object {},
                ]
              }
            >
              
            </Text>
          </View>
          <View
            style={
              Object {
                "alignItems": "center",
                "alignSelf": "center",
                "height": "100%",
                "justifyContent": "center",
                "minWidth": 25,
                "opacity": 0,
                "position": "absolute",
                "width": "100%",
              }
            }
          >
            <Text
              allowFontScaling={false}
              style={
                Array [
                  Object {
                    "color": "#ccc",
                    "fontSize": 26,
                  },
                  Object {
                    "marginBottom": -3,
                  },
                  Object {
                    "fontFamily": "ionicons",
                    "fontStyle": "normal",
                    "fontWeight": "normal",
                  },
                  Object {},
                ]
              }
            >
              
            </Text>
          </View>
        </View>
        <Text
          allowFontScaling={true}
          numberOfLines={1}
          style={
            Object {
              "backgroundColor": "transparent",
              "color": "#3478f6",
              "fontSize": 11,
              "marginBottom": 1.5,
              "textAlign": "center",
            }
          }
        >
          Home
        </Text>
      </View>
      <View
        accessibilityLabel="Locations"
        accessible={true}
        onResponderGrant={[Function]}
        onResponderMove={[Function]}
        onResponderRelease={[Function]}
        onResponderTerminate={[Function]}
        onResponderTerminationRequest={[Function]}
        onStartShouldSetResponder={[Function]}
        style={
          Array [
            Object {
              "alignItems": "center",
              "flex": 1,
            },
            Object {
              "backgroundColor": "transparent",
            },
            Object {
              "flexDirection": "column",
              "justifyContent": "flex-end",
            },
            undefined,
          ]
        }
      >
        <View
          style={
            Array [
              Object {
                "height": 29,
              },
              false,
              Object {
                "flex": 1,
              },
            ]
          }
        >
          <View
            style={
              Object {
                "alignItems": "center",
                "alignSelf": "center",
                "height": "100%",
                "justifyContent": "center",
                "minWidth": 25,
                "opacity": 0,
                "position": "absolute",
                "width": "100%",
              }
            }
          >
            <Text
              allowFontScaling={false}
              style={
                Array [
                  Object {
                    "color": "#2f95dc",
                    "fontSize": 26,
                  },
                  Object {
                    "marginBottom": -3,
                  },
                  Object {
                    "fontFamily": "ionicons",
                    "fontStyle": "normal",
                    "fontWeight": "normal",
                  },
                  Object {},
                ]
              }
            >
              
            </Text>
          </View>
          <View
            style={
              Object {
                "alignItems": "center",
                "alignSelf": "center",
                "height": "100%",
                "justifyContent": "center",
                "minWidth": 25,
                "opacity": 1,
                "position": "absolute",
                "width": "100%",
              }
            }
          >
            <Text
              allowFontScaling={false}
              style={
                Array [
                  Object {
                    "color": "#ccc",
                    "fontSize": 26,
                  },
                  Object {
                    "marginBottom": -3,
                  },
                  Object {
                    "fontFamily": "ionicons",
                    "fontStyle": "normal",
                    "fontWeight": "normal",
                  },
                  Object {},
                ]
              }
            >
              
            </Text>
          </View>
        </View>
        <Text
          allowFontScaling={true}
          numberOfLines={1}
          style={
            Object {
              "backgroundColor": "transparent",
              "color": "#929292",
              "fontSize": 11,
              "marginBottom": 1.5,
              "textAlign": "center",
            }
          }
        >
          Locations
        </Text>
      </View>
      <View
        accessibilityLabel="Map"
        accessible={true}
        onResponderGrant={[Function]}
        onResponderMove={[Function]}
        onResponderRelease={[Function]}
        onResponderTerminate={[Function]}
        onResponderTerminationRequest={[Function]}
        onStartShouldSetResponder={[Function]}
        style={
          Array [
            Object {
              "alignItems": "center",
              "flex": 1,
            },
            Object {
              "backgroundColor": "transparent",
            },
            Object {
              "flexDirection": "column",
              "justifyContent": "flex-end",
            },
            undefined,
          ]
        }
      >
        <View
          style={
            Array [
              Object {
                "height": 29,
              },
              false,
              Object {
                "flex": 1,
              },
            ]
          }
        >
          <View
            style={
              Object {
                "alignItems": "center",
                "alignSelf": "center",
                "height": "100%",
                "justifyContent": "center",
                "minWidth": 25,
                "opacity": 0,
                "position": "absolute",
                "width": "100%",
              }
            }
          >
            <Text
              allowFontScaling={false}
              style={
                Array [
                  Object {
                    "color": "#2f95dc",
                    "fontSize": 26,
                  },
                  Object {
                    "marginBottom": -3,
                  },
                  Object {
                    "fontFamily": "ionicons",
                    "fontStyle": "normal",
                    "fontWeight": "normal",
                  },
                  Object {},
                ]
              }
            >
              
            </Text>
          </View>
          <View
            style={
              Object {
                "alignItems": "center",
                "alignSelf": "center",
                "height": "100%",
                "justifyContent": "center",
                "minWidth": 25,
                "opacity": 1,
                "position": "absolute",
                "width": "100%",
              }
            }
          >
            <Text
              allowFontScaling={false}
              style={
                Array [
                  Object {
                    "color": "#ccc",
                    "fontSize": 26,
                  },
                  Object {
                    "marginBottom": -3,
                  },
                  Object {
                    "fontFamily": "ionicons",
                    "fontStyle": "normal",
                    "fontWeight": "normal",
                  },
                  Object {},
                ]
              }
            >
              
            </Text>
          </View>
        </View>
        <Text
          allowFontScaling={true}
          numberOfLines={1}
          style={
            Object {
              "backgroundColor": "transparent",
              "color": "#929292",
              "fontSize": 11,
              "marginBottom": 1.5,
              "textAlign": "center",
            }
          }
        >
          Map
        </Text>
      </View>
      <View
        accessibilityLabel="My Profile"
        accessible={true}
        onResponderGrant={[Function]}
        onResponderMove={[Function]}
        onResponderRelease={[Function]}
        onResponderTerminate={[Function]}
        onResponderTerminationRequest={[Function]}
        onStartShouldSetResponder={[Function]}
        style={
          Array [
            Object {
              "alignItems": "center",
              "flex": 1,
            },
            Object {
              "backgroundColor": "transparent",
            },
            Object {
              "flexDirection": "column",
              "justifyContent": "flex-end",
            },
            undefined,
          ]
        }
      >
        <View
          style={
            Array [
              Object {
                "height": 29,
              },
              false,
              Object {
                "flex": 1,
              },
            ]
          }
        >
          <View
            style={
              Object {
                "alignItems": "center",
                "alignSelf": "center",
                "height": "100%",
                "justifyContent": "center",
                "minWidth": 25,
                "opacity": 0,
                "position": "absolute",
                "width": "100%",
              }
            }
          >
            <Text
              allowFontScaling={false}
              style={
                Array [
                  Object {
                    "color": "#2f95dc",
                    "fontSize": 26,
                  },
                  Object {
                    "marginBottom": -3,
                  },
                  Object {
                    "fontFamily": "ionicons",
                    "fontStyle": "normal",
                    "fontWeight": "normal",
                  },
                  Object {},
                ]
              }
            >
              
            </Text>
          </View>
          <View
            style={
              Object {
                "alignItems": "center",
                "alignSelf": "center",
                "height": "100%",
                "justifyContent": "center",
                "minWidth": 25,
                "opacity": 1,
                "position": "absolute",
                "width": "100%",
              }
            }
          >
            <Text
              allowFontScaling={false}
              style={
                Array [
                  Object {
                    "color": "#ccc",
                    "fontSize": 26,
                  },
                  Object {
                    "marginBottom": -3,
                  },
                  Object {
                    "fontFamily": "ionicons",
                    "fontStyle": "normal",
                    "fontWeight": "normal",
                  },
                  Object {},
                ]
              }
            >
              
            </Text>
          </View>
        </View>
        <Text
          allowFontScaling={true}
          numberOfLines={1}
          style={
            Object {
              "backgroundColor": "transparent",
              "color": "#929292",
              "fontSize": 11,
              "marginBottom": 1.5,
              "textAlign": "center",
            }
          }
        >
          My Profile
        </Text>
      </View>
    </View>
  </View>
</View>
`;
